{
  "filters_used": [
    {
      "path": "detect_secrets.filters.allowlist.is_line_allowlisted"
    },
    {
      "path": "detect_secrets.filters.heuristic.is_indirect_reference"
    },
    {
      "path": "detect_secrets.filters.heuristic.is_likely_id_string"
    },
    {
      "path": "detect_secrets.filters.heuristic.is_lock_file"
    },
    {
      "path": "detect_secrets.filters.heuristic.is_not_alphanumeric_string"
    },
    {
      "path": "detect_secrets.filters.heuristic.is_potential_uuid"
    },
    {
      "path": "detect_secrets.filters.heuristic.is_prefixed_with_dollar_sign"
    },
    {
      "path": "detect_secrets.filters.heuristic.is_sequential_string"
    },
    {
      "path": "detect_secrets.filters.heuristic.is_swagger_file"
    },
    {
      "path": "detect_secrets.filters.heuristic.is_templated_secret"
    },
    {
      "path": "detect_secrets.filters.regex.should_exclude_file",
      "pattern": [
        "(^|/)(migrations/versions/|pnpm-lock\\.yaml$|uv\\.lock$|packages/contracts/|content/catalogue/|content/source_registry\\.json$|\\.secrets\\.baseline$)"
      ]
    }
  ],
  "generated_at": "2026-10-10T17:29:48Z",
  "plugins_used": [
    {
      "name": "ArtifactoryDetector"
    },
    {
      "name": "AWSKeyDetector"
    },
    {
      "name": "AzureStorageKeyDetector"
    },
    {
      "limit": 4.5,
      "name": "Base64HighEntropyString"
    },
    {
      "name": "BasicAuthDetector"
    },
    {
      "name": "CloudantDetector"
    },
    {
      "name": "DiscordBotTokenDetector"
    },
    {
      "name": "GitHubTokenDetector"
    },
    {
      "name": "GitLabTokenDetector"
    },
    {
      "limit": 3.0,
      "name": "HexHighEntropyString"
    },
    {
      "name": "IbmCloudIamDetector"
    },
    {
      "name": "IbmCosHmacDetector"
    },
    {
      "name": "IPPublicDetector"
    },
    {
      "name": "JwtTokenDetector"
    },
    {
      "keyword_exclude": "",
      "name": "KeywordDetector"
    },
    {
      "name": "MailchimpDetector"
    },
    {
      "name": "NpmDetector"
    },
    {
      "name": "OpenAIDetector"
    },
    {
      "name": "PrivateKeyDetector"
    },
    {
      "name": "PypiTokenDetector"
    },
    {
      "name": "SendGridDetector"
    },
    {
      "name": "SlackDetector"
    },
    {
      "name": "SoftlayerDetector"
    },
    {
      "name": "SquareOAuthDetector"
    },
    {
      "name": "StripeDetector"
    },
    {
      "name": "TelegramBotTokenDetector"
    },
    {
      "name": "TwilioKeyDetector"
    }
  ],
  "results": {
    ".github/workflows/ci.yml": [
      {
        "filename": ".github/workflows/ci.yml",
        "hashed_secret": "5ba0888c480dcefd7aff9c1a6c8286944a3e4bf5",
        "is_verified": false,
        "line_number": 63,
        "type": "Secret Keyword"
      },
      {
        "filename": ".github/workflows/ci.yml",
        "hashed_secret": "5bc9dbe2032dc4c2d96ff3e5de824187b943bd09",
        "is_verified": false,
        "line_number": 94,
        "type": "Secret Keyword"
      },
      {
        "filename": ".github/workflows/ci.yml",
        "hashed_secret": "5bc9dbe2032dc4c2d96ff3e5de824187b943bd09",
        "is_verified": false,
        "line_number": 100,
        "type": "Basic Auth Credentials"
      }
    ],
    "apps/api/loadtest/practice_journey.py": [
      {
        "filename": "apps/api/loadtest/practice_journey.py",
        "hashed_secret": "87eb734bfb57632c877a26380b33c5c2b0415081",
        "is_verified": false,
        "line_number": 44,
        "type": "Secret Keyword"
      }
    ],
    "apps/api/src/portal_api/modules/identity/dev_seed.py": [
      {
        "filename": "apps/api/src/portal_api/modules/identity/dev_seed.py",
        "hashed_secret": "e2578bbecb8df0d0463c0ad285afea96928d66ab",
        "is_verified": false,
        "line_number": 24,
        "type": "Secret Keyword"
      }
    ],
    "apps/api/tests/conftest.py": [
      {
        "filename": "apps/api/tests/conftest.py",
        "hashed_secret": "2458316d80fe368cb60b57fbb48db4067057fe77",
        "is_verified": false,
        "line_number": 13,
        "type": "Basic Auth Credentials"
      }
    ],
    "apps/api/tests/test_catalogue_api.py": [
      {
        "filename": "apps/api/tests/test_catalogue_api.py",
        "hashed_secret": "90bd1b48e958257948487b90bee080ba5ed00caa",
        "is_verified": false,
        "line_number": 100,
        "type": "Hex High Entropy String"
      }
    ],
    "apps/api/tests/test_config.py": [
      {
        "filename": "apps/api/tests/test_config.py",
        "hashed_secret": "2458316d80fe368cb60b57fbb48db4067057fe77",
        "is_verified": false,
        "line_number": 26,
        "type": "Basic Auth Credentials"
      }
    ],
    "apps/api/tests/test_content_workflow.py": [
      {
        "filename": "apps/api/tests/test_content_workflow.py",
        "hashed_secret": "f97979ff44a9a1a4105f4bae6fe809715e0a0a84",
        "is_verified": false,
        "line_number": 54,
        "type": "Secret Keyword"
      }
    ],
    "apps/api/tests/test_evidence.py": [
      {
        "filename": "apps/api/tests/test_evidence.py",
        "hashed_secret": "fefb0fc438ab1a7771a1a11d56fdf5ad40c8fdbe",
        "is_verified": false,
        "line_number": 74,
        "type": "Secret Keyword"
      }
    ],
    "apps/api/tests/test_identity.py": [
      {
        "filename": "apps/api/tests/test_identity.py",
        "hashed_secret": "f97979ff44a9a1a4105f4bae6fe809715e0a0a84",
        "is_verified": false,
        "line_number": 50,
        "type": "Secret Keyword"
      }
    ],
    "apps/api/tests/test_sessions.py": [
      {
        "filename": "apps/api/tests/test_sessions.py",
        "hashed_secret": "f97979ff44a9a1a4105f4bae6fe809715e0a0a84",
        "is_verified": false,
        "line_number": 20,
        "type": "Secret Keyword"
      }
    ],
    "apps/web/e2e/auth.spec.ts": [
      {
        "filename": "apps/web/e2e/auth.spec.ts",
        "hashed_secret": "de14f72da16b0e88ea2061c01aca74c1cfb3729f",
        "is_verified": false,
        "line_number": 6,
        "type": "Secret Keyword"
      }
    ],
    "apps/web/e2e/studio.spec.ts": [
      {
        "filename": "apps/web/e2e/studio.spec.ts",
        "hashed_secret": "e2578bbecb8df0d0463c0ad285afea96928d66ab",
        "is_verified": false,
        "line_number": 6,
        "type": "Secret Keyword"
      }
    ],
    "apps/web/src/app/actions/auth.ts": [
      {
        "filename": "apps/web/src/app/actions/auth.ts",
        "hashed_secret": "84d95e3f36f8357e518bf2e9511d41d3b87b9e38",
        "is_verified": false,
        "line_number": 50,
        "type": "Secret Keyword"
      }
    ],
    "infra/docker-compose.yml": [
      {
        "filename": "infra/docker-compose.yml",
        "hashed_secret": "2458316d80fe368cb60b57fbb48db4067057fe77",
        "is_verified": false,
        "line_number": 11,
        "type": "Secret Keyword"
      }
    ]
  },
  "version": "1.5.0"
}
